>>>> [1] add1 <<<<
Executing command 'blank' ...
Executing command 'add' ...
Executing command 'save' ...
>>>> [2] add2 <<<<
Executing command 'blank' ...
Executing command 'add' ...
Executing command 'add' ...
Executing command 'add' ...
Executing command 'add' ...
Executing command 'save' ...
>>>> [3] add3 <<<<
Executing command 'blank' ...
Executing command 'add' ...
Executing command 'add' ...
Executing command 'add' ...
Executing command 'add' ...
Executing command 'save' ...
>>>> [4] add4 <<<<
Executing command 'open' ...
Executing command 'add' ...
Executing command 'add' ...
Executing command 'add' ...
Executing command 'save' ...
>>>> [5] add5 <<<<
Executing command 'blank' ...
Executing command 'add' ...
Executing command 'add' ...
Executing command 'add' ...
Executing command 'save' ...
>>>> [6] basic_blank1 <<<<
Executing command 'blank' ...
Executing command 'save' ...
>>>> [7] basic_blank2 <<<<
Executing command 'blank' ...
Executing command 'save' ...
>>>> [8] basic_blank3 <<<<
Executing command 'blank' ...
Executing command 'blank' ...
Executing command 'save' ...
>>>> [9] basic_open1 <<<<
Executing command 'open' ...
Executing command 'save' ...
>>>> [10] basic_open2 <<<<
Executing command 'open' ...
Executing command 'open' ...
Executing command 'save' ...
>>>> [11] crop1 <<<<
Executing command 'open' ...
Executing command 'crop' ...
Executing command 'save' ...
>>>> [12] crop2 <<<<
Executing command 'open' ...
Executing command 'crop' ...
Executing command 'save' ...
>>>> [13] crop3 <<<<
Executing command 'open' ...
Executing command 'crop' ...
Executing command 'crop' ...
Executing command 'save' ...
>>>> [14] crop4 <<<<
Executing command 'open' ...
Executing command 'crop' ...
Executing command 'save' ...
>>>> [15] crop5 <<<<
Executing command 'open' ...
Executing command 'crop' ...
Executing command 'crop' ...
Executing command 'save' ...
>>>> [16] crop6 <<<<
Executing command 'open' ...
Executing command 'crop' ...
Executing command 'crop' ...
Executing command 'crop' ...
Executing command 'save' ...
>>>> [17] extra1 <<<<
Executing command 'blank' ...
Executing command 'add' ...
Executing command 'add' ...
Executing command 'rotate_left' ...
Executing command 'rotate_right' ...
Executing command 'rotate_right' ...
Executing command 'rotate_right' ...
Executing command 'rotate_right' ...
Executing command 'rotate_right' ...
Executing command 'replace' ...
Executing command 'replace' ...
Executing command 'invert' ...
Executing command 'invert' ...
Executing command 'save' ...
>>>> [18] extra2 <<<<
Executing command 'blank' ...
Executing command 'add' ...
Executing command 'add' ...
Executing command 'h_mirror' ...
Executing command 'v_mirror' ...
Executing command 'rotate_left' ...
Executing command 'rotate_right' ...
Executing command 'rotate_right' ...
Executing command 'to_gray_scale' ...
Executing command 'rotate_right' ...
Executing command 'rotate_right' ...
Executing command 'rotate_right' ...
Executing command 'replace' ...
Executing command 'replace' ...
Executing command 'invert' ...
Executing command 'v_mirror' ...
Executing command 'h_mirror' ...
Executing command 'invert' ...
Executing command 'save' ...
>>>> [19] extra3 <<<<
Executing command 'open' ...
Executing command 'invert' ...
Executing command 'rotate_left' ...
Executing command 'h_mirror' ...
Executing command 'save' ...
Executing command 'open' ...
Executing command 'rotate_right' ...
Executing command 'v_mirror' ...
Executing command 'invert' ...
Executing command 'save' ...
Executing command 'blank' ...
Executing command 'add' ...
Executing command 'add' ...
Executing command 'add' ...
Executing command 'add' ...
Executing command 'save' ...
>>>> [20] extra4 <<<<
Executing command 'blank' ...
Executing command 'fill' ...
Executing command 'add' ...
Executing command 'fill' ...
Executing command 'add' ...
Executing command 'fill' ...
Executing command 'add' ...
Executing command 'save' ...
>>>> [21] fill1 <<<<
Executing command 'open' ...
Executing command 'fill' ...
Executing command 'save' ...
>>>> [22] fill2 <<<<
Executing command 'open' ...
Executing command 'fill' ...
Executing command 'fill' ...
Executing command 'fill' ...
Executing command 'save' ...
>>>> [23] fill3 <<<<
Executing command 'open' ...
Executing command 'fill' ...
Executing command 'save' ...
>>>> [24] fill4 <<<<
Executing command 'blank' ...
Executing command 'fill' ...
Executing command 'fill' ...
Executing command 'fill' ...
Executing command 'fill' ...
Executing command 'fill' ...
Executing command 'fill' ...
Executing command 'save' ...
>>>> [25] h_mirror1 <<<<
Executing command 'open' ...
Executing command 'h_mirror' ...
Executing command 'save' ...
>>>> [26] h_mirror2 <<<<
Executing command 'open' ...
Executing command 'h_mirror' ...
Executing command 'h_mirror' ...
Executing command 'save' ...
>>>> [27] h_mirror3 <<<<
Executing command 'open' ...
Executing command 'h_mirror' ...
Executing command 'save' ...
>>>> [28] h_mirror4 <<<<
Executing command 'open' ...
Executing command 'h_mirror' ...
Executing command 'save' ...
>>>> [29] invert1 <<<<
Executing command 'open' ...
Executing command 'invert' ...
Executing command 'save' ...
>>>> [30] invert2 <<<<
Executing command 'open' ...
Executing command 'invert' ...
Executing command 'invert' ...
Executing command 'save' ...
>>>> [31] invert3 <<<<
Executing command 'open' ...
Executing command 'invert' ...
Executing command 'save' ...
>>>> [32] invert4 <<<<
Executing command 'open' ...
Executing command 'invert' ...
Executing command 'save' ...
>>>> [33] median_filter1 <<<<
Executing command 'open' ...
Executing command 'median_filter' ...
Executing command 'save' ...
>>>> [34] median_filter2 <<<<
Executing command 'open' ...
Executing command 'median_filter' ...
Executing command 'save' ...
>>>> [35] median_filter3 <<<<
Executing command 'open' ...
Executing command 'median_filter' ...
Executing command 'median_filter' ...
Executing command 'save' ...
>>>> [36] median_filter4 <<<<
Executing command 'open' ...
Executing command 'median_filter' ...
Executing command 'median_filter' ...
Executing command 'save' ...
>>>> [37] median_filter5 <<<<
Executing command 'open' ...
Executing command 'median_filter' ...
Executing command 'median_filter' ...
Executing command 'median_filter' ...
Executing command 'median_filter' ...
Executing command 'save' ...
>>>> [38] replace1 <<<<
Executing command 'open' ...
Executing command 'replace' ...
Executing command 'save' ...
>>>> [39] replace2 <<<<
Executing command 'open' ...
Executing command 'replace' ...
Executing command 'save' ...
>>>> [40] replace3 <<<<
Executing command 'open' ...
Executing command 'replace' ...
Executing command 'replace' ...
Executing command 'save' ...
>>>> [41] rotate_left1 <<<<
Executing command 'open' ...
Executing command 'rotate_left' ...
Executing command 'save' ...
>>>> [42] rotate_left2 <<<<
Executing command 'open' ...
Executing command 'rotate_left' ...
Executing command 'rotate_left' ...
Executing command 'save' ...
>>>> [43] rotate_left3 <<<<
Executing command 'open' ...
Executing command 'rotate_left' ...
Executing command 'rotate_left' ...
Executing command 'rotate_left' ...
Executing command 'save' ...
>>>> [44] rotate_left_rotate_right1 <<<<
Executing command 'open' ...
Executing command 'rotate_left' ...
Executing command 'rotate_right' ...
Executing command 'save' ...
>>>> [45] rotate_left_rotate_right2 <<<<
Executing command 'open' ...
Executing command 'rotate_left' ...
Executing command 'rotate_right' ...
Executing command 'rotate_right' ...
Executing command 'save' ...
>>>> [46] rotate_right1 <<<<
Executing command 'open' ...
Executing command 'rotate_right' ...
Executing command 'save' ...
>>>> [47] rotate_right2 <<<<
Executing command 'open' ...
Executing command 'rotate_right' ...
Executing command 'rotate_right' ...
Executing command 'save' ...
>>>> [48] rotate_right3 <<<<
Executing command 'open' ...
Executing command 'rotate_right' ...
Executing command 'rotate_right' ...
Executing command 'save' ...
>>>> [49] to_gray_scale1 <<<<
Executing command 'open' ...
Executing command 'to_gray_scale' ...
Executing command 'save' ...
>>>> [50] to_gray_scale2 <<<<
Executing command 'open' ...
Executing command 'to_gray_scale' ...
Executing command 'to_gray_scale' ...
Executing command 'save' ...
>>>> [51] to_gray_scale3 <<<<
Executing command 'open' ...
Executing command 'to_gray_scale' ...
Executing command 'save' ...
>>>> [52] to_gray_scale4 <<<<
Executing command 'open' ...
Executing command 'to_gray_scale' ...
Executing command 'save' ...
>>>> [53] v_mirror1 <<<<
Executing command 'open' ...
Executing command 'v_mirror' ...
Executing command 'save' ...
>>>> [54] v_mirror2 <<<<
Executing command 'open' ...
Executing command 'v_mirror' ...
Executing command 'v_mirror' ...
Executing command 'save' ...
>>>> [55] v_mirror3 <<<<
Executing command 'open' ...
Executing command 'v_mirror' ...
Executing command 'save' ...
>>>> [56] v_mirror4 <<<<
Executing command 'open' ...
Executing command 'v_mirror' ...
Executing command 'save' ...
>>>> [57] xpm2_open1 <<<<
Executing command 'xpm2_open' ...
*c#000000
000
.c#ffffff
255255255
Executing command 'save' ...
>>>> [58] xpm2_open2 <<<<
Executing command 'xpm2_open' ...
rc#FF0000
25500
gc#00FF00
02550
bc#0000FF
00255
cc#00FFFF
0255255
wc#FFFFFF
255255255
Executing command 'save' ...
>>>> [59] xpm2_open3 <<<<
Executing command 'xpm2_open' ...
ac#000000
000
bc#FF0000
25500
cc#FFC800
2552000
dc#FFFF00
2552550
ec#0000FF
00255
fc#FFAFAF
255175175
gc#FFFFFF
255255255
Executing command 'save' ...
>>>> [60] xpm2_open4 <<<<
Executing command 'xpm2_open' ...
_c#808080
128128128
.c#FF0303
25533
Xc#FFD44A
25521274
oc#064F84
679132
Oc#FFFFFF
255255255
Executing command 'save' ...
>>>> [61] xpm2_open5 <<<<
Executing command 'xpm2_open' ...
_c#00000
000
.c#845433
1328451
Xc#9C826B
156130107
oc#E5B27F
229178127
Oc#FFCC7F
255204127
+c#EB8080
235128128
@c#F2CC99
242204153
#c#FFE5B2
255229178
$c#FFFFFF
255255255
Executing command 'save' ...
>>>> [62] xpm2_save1 <<<<
Executing command 'open' ...
Executing command 'xpm2_save' ...
Executing command 'blank' ...
Executing command 'xpm2_open' ...
ac#000000
000
bc#ffffff
255255255
Executing command 'save' ...
>>>> [63] xpm2_save2 <<<<
Executing command 'open' ...
Executing command 'xpm2_save' ...
Executing command 'blank' ...
Executing command 'xpm2_open' ...
ac#00ffff
0255255
bc#ff0000
25500
cc#00ff00
02550
dc#0000ff
00255
ec#ffffff
255255255
Executing command 'save' ...
>>>> [64] xpm2_save3 <<<<
Executing command 'open' ...
Executing command 'xpm2_save' ...
Executing command 'blank' ...
Executing command 'xpm2_open' ...
ac#000000
000
bc#ffff00
2552550
cc#ffffff
255255255
dc#ffc800
2552000
Executing command 'save' ...
>>>> [65] xpm2_save4 <<<<
Executing command 'open' ...
Executing command 'xpm2_save' ...
Executing command 'blank' ...
Executing command 'xpm2_open' ...
ac#000000
000
bc#ffff00
2552550
cc#ffffff
255255255
dc#ffc800
2552000
ec#ffafaf
255175175
fc#ff0000
25500
gc#0000ff
00255
Executing command 'save' ...
>>>> [66] xpm2_save5 <<<<
Executing command 'open' ...
Executing command 'xpm2_save' ...
Executing command 'blank' ...
Executing command 'xpm2_open' ...
ac#ffffff
255255255
bc#000000
000
cc#9c826b
156130107
dc#f2cc99
242204153
ec#ffe5b2
255229178
fc#845433
1328451
gc#ffcc7f
255204127
hc#e5b27f
229178127
ic#eb8080
235128128
Executing command 'save' ...
